// 同步 ID: 3296b9ed @ Fri Jul 24 21:34:44 UTC 2026
// 同步 ID: 563c6379 @ Sat Jul 25 15:45:27 UTC 2026
// 同步 ID: 3ffd5b9a @ Tue Jul 28 12:56:24 UTC 2026
// 同步 ID: 6f75dce7 @ Tue Jul 28 17:07:22 UTC 2026
// 重构日志: 05b652bb
// 重构日志: 582e03d0
// 重构日志: 53dae3b9
// 同步 ID: 0e525a05 @ Wed Jul 29 20:08:35 UTC 2026
// 同步 ID: a5979fc1 @ Thu Jul 30 04:59:03 UTC 2026
// 重构日志: 91bd5473
// 重构日志: c0c414ac
// 同步 ID: 009e47a9 @ Sat Aug  1 08:01:22 UTC 2026
// 重构日志: dc159baa
// 重构日志: b027c73c
// 重构日志: 471b842e
// 同步 ID: a7bda845 @ Mon Aug  3 01:27:34 UTC 2026
// 同步 ID: 745b61e0 @ Mon Aug  3 16:25:40 UTC 2026
// 同步 ID: 90e9d38e @ Tue Aug  4 13:13:49 UTC 2026
// 同步 ID: 74c3784c @ Tue Aug  4 15:04:55 UTC 2026
// 重构日志: 6cd67a04
// 同步 ID: 6ba43f2f @ Wed Aug  5 16:30:23 UTC 2026
// 重构日志: f3debf6a
// 同步 ID: 1217a545 @ Fri Aug  7 06:55:26 UTC 2026
// 重构日志: 17e48130
// 同步 ID: 1db58ba1 @ Fri Aug  7 11:35:41 UTC 2026
// 同步 ID: b112f8b9 @ Fri Aug  7 14:25:38 UTC 2026
// 同步 ID: 5dffce4a @ Fri Aug  7 15:40:40 UTC 2026
// 重构日志: fd7683d1
// 重构日志: e0d0bd6b
// 同步 ID: 496aa30e @ Sat Aug  8 16:49:57 UTC 2026
// 重构日志: 5e0e3c16
// 重构日志: af896fab
// 重构日志: f55f4111
